Microchip MPLAB XC8 Compiler V2.40

Linker command line:

-W-3 --edf=/opt/microchip/xc8/v2.40/pic/dat/20220703182018_en.msgs -cn \
  -h+dist/default/production/Loom.X.production.sym \
  --cmf=dist/default/production/Loom.X.production.cmf -z -Q18F46K22 \
  -o/tmp/xcXCaNgmK --defsym=__MPLAB_BUILD=1 --fixupoverflow=error \
  -Mdist/default/production/Loom.X.production.map --md=/tmp/xcXELeock.dat \
  -E1 -ver=XC8 Compiler -ACODE=00h-0FFFFh -ACONST=00h-0FFFFh \
  -ASMALLCONST=01000h-010FFhx240 -AMEDIUMCONST=01000h-0FFFFh \
  -ACOMRAM=01h-05Fh -AABS1=00h-0F37h -ABIGRAM=01h-0F37h \
  -ARAM=060h-0FFh,0100h-01FFhx14,0F00h-0F37h -ABANK0=060h-0FFh \
  -ABANK1=0100h-01FFh -ABANK2=0200h-02FFh -ABANK3=0300h-03FFh \
  -ABANK4=0400h-04FFh -ABANK5=0500h-05FFh -ABANK6=0600h-06FFh \
  -ABANK7=0700h-07FFh -ABANK8=0800h-08FFh -ABANK9=0900h-09FFh \
  -ABANK10=0A00h-0AFFh -ABANK11=0B00h-0BFFh -ABANK12=0C00h-0CFFh \
  -ABANK13=0D00h-0DFFh -ABANK14=0E00h-0EFFh -ABANK15=0F00h-0F37h \
  -ASFR=0F38h-0F5Fh,0F60h-0FFFh -ABIGSFR=0F38h-0FFFh \
  -ACONFIG=0300000h-030000Dh -AIDLOC=0200000h-0200007h \
  -AEEDATA=0F00000h-0F003FFh -peeprom_data=EEDATA \
  -preset_vec=00h,intcode,intcodelo,powerup,init -pramtop=01000h \
  -psmallconst=SMALLCONST -pmediumconst=MEDIUMCONST -pconst=CONST \
  -AFARRAM=00h-00h \
  -prdata=COMRAM,nvrram=COMRAM,nvbit=COMRAM,rbss=COMRAM,rbit=COMRAM \
  -pfarbss=FARRAM,fardata=FARRAM,nvFARRAM=FARRAM \
  -pintsave_regs=BIGRAM,bigbss=BIGRAM,bigdata=BIGRAM -pbss=RAM \
  -pidata=CODE,irdata=CODE,ibigdata=CODE,ifardata=CODE -prparam=COMRAM \
  /tmp/xcXhJCOoI.o dist/default/production/Loom.X.production.o 

Object code version is 3.11

Machine type is 18F46K22



                Name                               Link     Load   Length Selector   Space Scale
/tmp/xcXhJCOoI.o
                idloc                            200000   200000        8        0       5
                config                           300000   300000        E        0       4
                init                                  0        0        4        0       0
dist/default/production/Loom.X.production.o
                idloc                            200000   200000        8        0       5
                config                           300000   300000        E        0       4
                smallconst                         1000     1000       4A      800       0
                text9                              1366     1366       56      825       0
                text8                              1208     1208       90      825       0
                text7                              1436     1436       26      825       0
                text6                              1498     1498        8      825       0
                text5                              1310     1310       56      825       0
                text4                              1298     1298       78      825       0
                text3                              147A     147A       1E      825       0
                text2                              1406     1406       30      825       0
                text1                              145C     145C       1E      825       0
                text0                              104A     104A      11E      825       0
                cstackCOMRAM                         2F       2F        C        1       1
                cstackBANK1                         100      100       A2      100       1
                bssBIGRAM                           1A2      1A2      252      1A2       1
                dataBANK0                            60       60       A0       60       1
                bssCOMRAM                             1        1       2E        1       1
                cinit                              13BC     13BC       4A      825       0
                idataBANK0                         1168     1168       A0      825       0

TOTAL           Name                               Link     Load   Length     Space
        CLASS   CODE           
                init                                  0        0        4         0
                text9                              1366     1366       56         0
                text8                              1208     1208       90         0
                text7                              1436     1436       26         0
                text6                              1498     1498        8         0
                text5                              1310     1310       56         0
                text4                              1298     1298       78         0
                text3                              147A     147A       1E         0
                text2                              1406     1406       30         0
                text1                              145C     145C       1E         0
                text0                              104A     104A      11E         0
                cinit                              13BC     13BC       4A         0
                idataBANK0                         1168     1168       A0         0

        CLASS   CONST          

        CLASS   SMALLCONST     
                smallconst                         1000     1000       4A         0

        CLASS   MEDIUMCONST    

        CLASS   COMRAM         
                cstackCOMRAM                         2F       2F        C         1
                bssCOMRAM                             1        1       2E         1

        CLASS   ABS1           

        CLASS   BIGRAM         
                bssBIGRAM                           1A2      1A2      252         1

        CLASS   RAM            

        CLASS   BANK0          
                dataBANK0                            60       60       A0         1

        CLASS   BANK1          
                cstackBANK1                         100      100       A2         1

        CLASS   BANK2          

        CLASS   BANK3          

        CLASS   BANK4          

        CLASS   BANK5          

        CLASS   BANK6          

        CLASS   BANK7          

        CLASS   BANK8          

        CLASS   BANK9          

        CLASS   BANK10         

        CLASS   BANK11         

        CLASS   BANK12         

        CLASS   BANK13         

        CLASS   BANK14         

        CLASS   BANK15         

        CLASS   SFR            

        CLASS   BIGSFR         

        CLASS   CONFIG         
                config                           300000   300000        E         4

        CLASS   IDLOC          
                idloc                            200000   200000        8         5

        CLASS   EEDATA         

        CLASS   FARRAM         

        CLASS   HEAP           

        CLASS   STACK          



SEGMENTS        Name                           Load    Length   Top    Selector   Space  Class

                reset_vec                      000000  000004  000004         0       0  CODE    
                cstackBANK1                    000100  0000A2  0001A2       100       1  BANK1   
                text0                          00104A  000456  0014A0       825       0  CODE    
                bssBIGRAM                      0001A2  000252  0003F4       1A2       1  BIGRAM  
                smallconst                     001000  00004A  00104A       800       0  SMALLCON
                dataBANK0                      000060  0000A0  000100        60       1  BANK0   
                bssCOMRAM                      000001  00003A  00003B         1       1  COMRAM  


UNUSED ADDRESS RANGES

        Name                Unused          Largest block    Delta
        BANK10           000A00-000AFF              100
        BANK11           000B00-000BFF              100
        BANK12           000C00-000CFF              100
        BANK13           000D00-000DFF              100
        BANK14           000E00-000EFF              100
        BANK15           000F00-000F37               38
        BANK3            0003F4-0003FF                C
        BANK4            000400-0004FF              100
        BANK5            000500-0005FF              100
        BANK6            000600-0006FF              100
        BANK7            000700-0007FF              100
        BANK8            000800-0008FF              100
        BANK9            000900-0009FF              100
        BIGRAM           00003B-00005F               25
                         0003F4-000F37              B44
        BIGSFR           000F38-000FFF               C8
        CODE             000004-000FFF              FFC
                         0014A0-00FFFF             EB60
        COMRAM           00003B-00005F               25
        CONST            000004-000FFF              FFC
                         0014A0-00FFFF             EB60
        EEDATA           F00000-F003FF              400
        MEDIUMCONST      0014A0-00FFFF             EB60
        RAM              0003F4-000F37              100
        SFR              000F38-000FFF               28
        SMALLCONST       0014A0-00FFFF              100

                                  Symbol Table

?___wmul                    cstackCOMRAM 00002F
LcdDisplayString@Data       cstackCOMRAM 000036
LcdDisplayString@Pos        cstackCOMRAM 000035
LcdDisplayString@RowNum     cstackCOMRAM 000038
SendLcdCommand@Command      cstackCOMRAM 000031
SendLcdData@Data            cstackCOMRAM 000031
_DataArray                  bssCOMRAM    00002A
_LATD                       (abs)        000F8C
_LcdClearDisplay            text6        001498
_LcdDisplayString           text4        001298
_LcdInit                    text8        001208
_PORTBbits                  (abs)        000F81
_PORTCbits                  (abs)        000F82
_SendLcdCommand             text9        001366
_SendLcdData                text5        001310
_TRISD                      (abs)        000F95
__HRAM                      (abs)        000000
__Habs1                     abs1         000000
__Hbank0                    bank0        000000
__Hbank1                    bank1        000000
__Hbank10                   bank10       000000
__Hbank11                   bank11       000000
__Hbank12                   bank12       000000
__Hbank13                   bank13       000000
__Hbank14                   bank14       000000
__Hbank15                   bank15       000000
__Hbank2                    bank2        000000
__Hbank3                    bank3        000000
__Hbank4                    bank4        000000
__Hbank5                    bank5        000000
__Hbank6                    bank6        000000
__Hbank7                    bank7        000000
__Hbank8                    bank8        000000
__Hbank9                    bank9        000000
__Hbigbss                   bigbss       000000
__Hbigdata                  bigdata      000000
__Hbigram                   bigram       000000
__Hbigsfr                   bigsfr       000000
__Hbss                      bss          000000
__HbssBIGRAM                bssBIGRAM    000000
__HbssCOMRAM                bssCOMRAM    000000
__Hcinit                    cinit        000000
__Hclrtext                  clrtext      000000
__Hcomram                   comram       000000
__Hconfig                   config       30000E
__Hconst                    const        000000
__HcstackBANK1              cstackBANK1  000000
__HcstackCOMRAM             cstackCOMRAM 000000
__Hdata                     data         000000
__HdataBANK0                dataBANK0    000000
__Heeprom_data              eeprom_data  000000
__Hfarbss                   farbss       000000
__Hfardata                  fardata      000000
__Hheap                     heap         000000
__Hibigdata                 ibigdata     000000
__Hidata                    idata        000000
__HidataBANK0               idataBANK0   000000
__Hidloc                    idloc        200008
__Hifardata                 ifardata     000000
__Hinit                     init         000004
__Hintcode                  intcode      000000
__Hintcode_body             intcode_body 000000
__Hintcodelo                intcodelo    000000
__Hintentry                 intentry     000000
__Hintret                   intret       000000
__Hintsave_regs             intsave_regs 000000
__Hirdata                   irdata       000000
__Hmediumconst              mediumconst  000000
__HnvFARRAM                 nvFARRAM     000000
__Hnvbit                    nvbit        000000
__Hnvrram                   nvrram       000000
__Hparam                    rparam       000000
__Hpowerup                  powerup      000000
__Hram                      ram          000000
__Hramtop                   ramtop       001000
__Hrbit                     rbit         000000
__Hrbss                     rbss         000000
__Hrdata                    rdata        000000
__Hreset_vec                reset_vec    000000
__Hrparam                   rparam       000000
__Hsfr                      sfr          000000
__Hsmallconst               smallconst   00104A
__Hspace_0                  (abs)        0014A0
__Hspace_1                  (abs)        0003F4
__Hspace_2                  (abs)        000000
__Hspace_4                  (abs)        60000E
__Hstack                    stack        000000
__Hstruct                   struct       000000
__Htemp                     temp         000000
__Htext                     text         000000
__Htext0                    text0        000000
__Htext1                    text1        000000
__Htext2                    text2        000000
__Htext3                    text3        000000
__Htext4                    text4        000000
__Htext5                    text5        000000
__Htext6                    text6        000000
__Htext7                    text7        000000
__Htext8                    text8        000000
__Htext9                    text9        000000
__LRAM                      (abs)        000001
__Labs1                     abs1         000000
__Lbank0                    bank0        000000
__Lbank1                    bank1        000000
__Lbank10                   bank10       000000
__Lbank11                   bank11       000000
__Lbank12                   bank12       000000
__Lbank13                   bank13       000000
__Lbank14                   bank14       000000
__Lbank15                   bank15       000000
__Lbank2                    bank2        000000
__Lbank3                    bank3        000000
__Lbank4                    bank4        000000
__Lbank5                    bank5        000000
__Lbank6                    bank6        000000
__Lbank7                    bank7        000000
__Lbank8                    bank8        000000
__Lbank9                    bank9        000000
__Lbigbss                   bigbss       000000
__Lbigdata                  bigdata      000000
__Lbigram                   bigram       000000
__Lbigsfr                   bigsfr       000000
__Lbss                      bss          000000
__LbssBIGRAM                bssBIGRAM    000000
__LbssCOMRAM                bssCOMRAM    000000
__Lcinit                    cinit        000000
__Lclrtext                  clrtext      000000
__Lcomram                   comram       000000
__Lconfig                   config       000000
__Lconst                    const        000000
__LcstackBANK1              cstackBANK1  000000
__LcstackCOMRAM             cstackCOMRAM 000000
__Ldata                     data         000000
__LdataBANK0                dataBANK0    000000
__Leeprom_data              eeprom_data  000000
__Lfarbss                   farbss       000000
__Lfardata                  fardata      000000
__Lheap                     heap         000000
__Libigdata                 ibigdata     000000
__Lidata                    idata        000000
__LidataBANK0               idataBANK0   000000
__Lidloc                    idloc        000000
__Lifardata                 ifardata     000000
__Linit                     init         000000
__Lintcode                  intcode      000000
__Lintcode_body             intcode_body 000000
__Lintcodelo                intcodelo    000000
__Lintentry                 intentry     000000
__Lintret                   intret       000000
__Lintsave_regs             intsave_regs 000000
__Lirdata                   irdata       000000
__Lmediumconst              mediumconst  000000
__LnvFARRAM                 nvFARRAM     000000
__Lnvbit                    nvbit        000000
__Lnvrram                   nvrram       000000
__Lparam                    rparam       000000
__Lpowerup                  powerup      000000
__Lram                      ram          000000
__Lramtop                   ramtop       001000
__Lrbit                     rbit         000000
__Lrbss                     rbss         000000
__Lrdata                    rdata        000000
__Lreset_vec                reset_vec    000000
__Lrparam                   rparam       000000
__Lsfr                      sfr          000000
__Lsmallconst               smallconst   001000
__Lspace_0                  (abs)        000000
__Lspace_1                  (abs)        000000
__Lspace_2                  (abs)        000000
__Lspace_4                  (abs)        000000
__Lstack                    stack        000000
__Lstruct                   struct       000000
__Ltemp                     temp         000000
__Ltext                     text         000000
__Ltext0                    text0        000000
__Ltext1                    text1        000000
__Ltext2                    text2        000000
__Ltext3                    text3        000000
__Ltext4                    text4        000000
__Ltext5                    text5        000000
__Ltext6                    text6        000000
__Ltext7                    text7        000000
__Ltext8                    text8        000000
__Ltext9                    text9        000000
__S0                        (abs)        0014A0
__S1                        (abs)        0003F4
__S4                        (abs)        000000
__S5                        (abs)        000000
___AntiWeftCount            bssCOMRAM    000020
___CoilSensor               bssCOMRAM    000021
___DhotiSetting_t           bssBIGRAM    0001A2
___DhotiStepArrayIndex      bssCOMRAM    000028
___DispPulseCount           bssCOMRAM    00000F
___LcdDelay                 bssCOMRAM    000001
___LcdScreenState           bssCOMRAM    00001C
___LoomStopped              bssCOMRAM    000024
___MeterCount               bssCOMRAM    000005
___MeterPulseCount          bssCOMRAM    000007
___MeterPulseSettings       bssCOMRAM    000009
___PneumaticIndex           bssCOMRAM    000019
___PneumaticSensor          bssCOMRAM    00001F
___PrevLcdScreenState       bssCOMRAM    00001B
___PrevPulseState           bssCOMRAM    000026
___ProtectMultipleWrite     bssCOMRAM    00001E
___PulseCount               bssCOMRAM    000027
___PulseTimeOut             bssCOMRAM    00000B
___Relay1Timing             bssCOMRAM    000013
___Relay2Timing             bssCOMRAM    000011
___RelayOnOffDelay          bssCOMRAM    000003
___SinglePickNoSensorTiming bssCOMRAM    000022
___SinglePickTiming         bssCOMRAM    000015
___StopPulseCount           bssCOMRAM    00000D
___SubMenuState             bssCOMRAM    00001A
___SystemState              bssCOMRAM    00001D
___TotalDhotiSettingCount   bssCOMRAM    000029
___WeftHighOrLow            bssCOMRAM    000023
___WeftTiming               bssCOMRAM    000017
___heap_hi                  (abs)        000000
___heap_lo                  (abs)        000000
___inthi_sp                 stack        000000
___intlo_sp                 stack        000000
___ms10TickPulse            bssCOMRAM    000025
___param_bank               (abs)        000000
___rparam_used              (abs)        000001
___sp                       stack        000000
___wmul                     text7        001436
___wmul@multiplicand        cstackCOMRAM 000031
___wmul@multiplier          cstackCOMRAM 00002F
___wmul@product             cstackCOMRAM 000033
__accesstop                 (abs)        000060
__activetblptr              (abs)        000002
__end_of_LcdClearDisplay    text6        0014A0
__end_of_LcdDisplayString   text4        001310
__end_of_LcdInit            text8        001298
__end_of_SendLcdCommand     text9        0013BC
__end_of_SendLcdData        text5        001366
__end_of___wmul             text7        00145C
__end_of__initialization    cinit        0013FC
__end_of_dhoti_settings     text3        001498
__end_of_loom_settings      text2        001436
__end_of_main               text0        001168
__end_of_reset              text1        00147A
__initialization            cinit        0013BC
__mediumconst               mediumconst  000000
__pbssBIGRAM                bssBIGRAM    0001A2
__pbssCOMRAM                bssCOMRAM    000001
__pcinit                    cinit        0013BC
__pcstackBANK1              cstackBANK1  000100
__pcstackCOMRAM             cstackCOMRAM 00002F
__pdataBANK0                dataBANK0    000060
__pidataBANK0               idataBANK0   001168
__psmallconst               smallconst   001000
__ptext0                    text0        00104A
__ptext1                    text1        00145C
__ptext2                    text2        001406
__ptext3                    text3        00147A
__ptext4                    text4        001298
__ptext5                    text5        001310
__ptext6                    text6        001498
__ptext7                    text7        001436
__ptext8                    text8        001208
__ptext9                    text9        001366
__ramtop                    ramtop       001000
__smallconst                smallconst   001000
_dhoti_settings             text3        00147A
_loom_settings              text2        001406
_main                       text0        00104A
_reset                      text1        00145C
end_of_initialization       cinit        0013FC
intlevel0                   text         000000
intlevel1                   text         000000
intlevel2                   text         000000
intlevel3                   text         000000
isa$std                     (abs)        000001
isa$xinst                   (abs)        000000
main@F5987                  dataBANK0    000060
main@arr                    cstackBANK1  000100
main@i                      cstackBANK1  0001A0
stackhi                     (abs)        000000
stacklo                     (abs)        000000
start                       init         000000
start_initialization        cinit        0013BC


MODULE INFORMATION

Module		Function		Class		Link	Load	Size
/opt/microchip/xc8/v2.40/pic/sources/c90/common/Umul16.c
		___wmul        		CODE           	1436	0000	38

/opt/microchip/xc8/v2.40/pic/sources/c90/common/Umul16.c estimated size: 38

shared
		__initialization		CODE           	13BC	0000	64

shared estimated size: 64

lcd.c
		_SendLcdData   		CODE           	1310	0000	86
		_LcdInit       		CODE           	1208	0000	144
		_SendLcdCommand		CODE           	1366	0000	86
		_LcdClearDisplay		CODE           	1498	0000	8
		_LcdDisplayString		CODE           	1298	0000	120

lcd.c estimated size: 444

main.c
		_reset         		CODE           	145C	0000	30
		_dhoti_settings		CODE           	147A	0000	30
		_loom_settings 		CODE           	1406	0000	48
		_main          		CODE           	104A	0000	286

main.c estimated size: 394

